// Vitest Snapshot v1, https://vitest.dev/guide/snapshot.html

exports[`router > should match snapshot 1`] = `
{
  "api": {
    Symbol(VARIABLE): {
      "healthcheck": {
        Symbol(GET): {
          "fn": [Function],
          "route": {
            "body": undefined,
            "contentType": undefined,
            "deprecated": undefined,
            "description": undefined,
            "headers": [ZodObject],
            "method": "GET",
            "path": "/api/{version}/healthcheck",
            "pathParams": [ZodObject],
            "query": undefined,
            "responses": {
              "200": [ZodObject],
              "401": [ZodString],
              "500": [ZodString],
            },
            "summary": undefined,
          },
        },
      },
      "teams": {
        Symbol(POST): {
          "fn": [Function],
          "route": {
            "body": [ZodObject],
            "contentType": undefined,
            "deprecated": undefined,
            "description": undefined,
            "headers": [ZodObject],
            "method": "POST",
            "path": "/api/{version}/teams",
            "pathParams": [ZodObject],
            "query": undefined,
            "responses": {
              "201": [ZodObject],
              "401": [ZodString],
              "500": [ZodString],
            },
            "summary": undefined,
          },
        },
        Symbol(VARIABLE): {
          Symbol(DELETE): {
            "fn": [Function],
            "route": {
              "body": undefined,
              "contentType": undefined,
              "deprecated": undefined,
              "description": undefined,
              "headers": [ZodObject],
              "method": "DELETE",
              "path": "/api/{version}/teams/{id}",
              "pathParams": [ZodObject],
              "query": undefined,
              "responses": {
                "200": [ZodUndefined],
                "401": [ZodString],
                "500": [ZodString],
              },
              "summary": undefined,
            },
          },
        },
      },
      "users": {
        Symbol(VARIABLE): {
          Symbol(GET): {
            "fn": [Function],
            "route": {
              "body": undefined,
              "contentType": undefined,
              "deprecated": undefined,
              "description": undefined,
              "headers": [ZodObject],
              "method": "GET",
              "path": "/api/{version}/users/{id}",
              "pathParams": [ZodObject],
              "query": undefined,
              "responses": {
                "200": [ZodObject],
                "401": [ZodString],
                "404": [ZodUndefined],
                "500": [ZodString],
              },
              "summary": undefined,
            },
          },
          Symbol(PATCH): {
            "fn": [Function],
            "route": {
              "body": [ZodObject],
              "contentType": undefined,
              "deprecated": undefined,
              "description": undefined,
              "headers": [ZodObject],
              "method": "PATCH",
              "path": "/api/{version}/users/{id}",
              "pathParams": [ZodObject],
              "query": undefined,
              "responses": {
                "201": [ZodObject],
                "401": [ZodString],
                "404": [ZodObject],
                "500": [ZodString],
              },
              "summary": undefined,
            },
          },
          Symbol(DELETE): {
            "fn": [Function],
            "route": {
              "body": undefined,
              "contentType": undefined,
              "deprecated": undefined,
              "description": undefined,
              "headers": [ZodObject],
              "method": "DELETE",
              "path": "/api/{version}/users/{id}",
              "pathParams": [ZodObject],
              "query": undefined,
              "responses": {
                "200": [ZodVoid],
                "401": [ZodString],
                "404": [ZodObject],
                "500": [ZodString],
              },
              "summary": undefined,
            },
          },
        },
        Symbol(GET): {
          "fn": [Function],
          "route": {
            "body": undefined,
            "contentType": undefined,
            "deprecated": undefined,
            "description": undefined,
            "headers": [ZodObject],
            "method": "GET",
            "path": "/api/{version}/users",
            "pathParams": [ZodObject],
            "query": [ZodObject],
            "responses": {
              "200": {
                "body": [ZodArray],
                "headers": [ZodObject],
              },
              "401": [ZodString],
              "500": [ZodString],
            },
            "summary": undefined,
          },
        },
        Symbol(POST): {
          "fn": [Function],
          "route": {
            "body": [ZodObject],
            "contentType": undefined,
            "deprecated": undefined,
            "description": undefined,
            "headers": [ZodObject],
            "method": "POST",
            "path": "/api/{version}/users",
            "pathParams": [ZodObject],
            "query": [ZodObject],
            "responses": {
              "201": [ZodObject],
              "401": [ZodString],
              "500": [ZodString],
            },
            "summary": undefined,
          },
        },
        Symbol(DELETE): {
          "fn": [Function],
          "route": {
            "body": undefined,
            "contentType": undefined,
            "deprecated": undefined,
            "description": undefined,
            "headers": [ZodObject],
            "method": "DELETE",
            "path": "/api/{version}/users",
            "pathParams": [ZodObject],
            "query": undefined,
            "responses": {
              "200": [ZodUndefined],
              "401": [ZodString],
              "500": [ZodString],
            },
            "summary": undefined,
          },
        },
      },
    },
  },
}
`;
